[www.northerncoastdiving.com/index.html]
[backblue.gif]
[fade.gif]
[index.html]
[www.northerncoastdiving.com/wp-content/plugins/formidable/css/formidableforms6027.css]
[www.northerncoastdiving.com/wp-content/plugins/instagram-feed/css/sbi-styles.min9361.css]
[www.northerncoastdiving.com/wp-content/plugins/th-widget-pack/assets/icons/icons77ae.css]
[www.northerncoastdiving.com/wp-includes/css/dist/block-library/style.minc8d8.css]
[www.northerncoastdiving.com/wp-includes/js/mediaelement/mediaelementplayer-legacy.min08e1.css]
[www.northerncoastdiving.com/comments/feed/index.html]
[www.northerncoastdiving.com/wp-includes/js/mediaelement/wp-mediaelement.minc8d8.css]
[www.northerncoastdiving.com/wp-content/plugins/booked/assets/css/icons25b6.css]
[www.northerncoastdiving.com/wp-content/plugins/booked/assets/js/tooltipster/css/tooltipster9b70.css]
[www.northerncoastdiving.com/wp-content/plugins/booked/assets/js/tooltipster/css/themes/tooltipster-light9b70.css]
[www.northerncoastdiving.com/wp-content/plugins/booked/assets/css/animations25b6.css]
[www.northerncoastdiving.com/wp-content/plugins/booked/dist/booked25b6.css]
[www.northerncoastdiving.com/wp-content/plugins/contact-form-7/includes/css/styles7e15.css]
[www.northerncoastdiving.com/wp-content/plugins/ultimate-social-media-plus/css/sfsi-stylec8d8.css]
[www.northerncoastdiving.com/wp-content/plugins/elementor/assets/lib/eicons/css/elementor-icons.mine900.css]
[www.northerncoastdiving.com/wp-content/plugins/elementor/assets/css/frontend-legacy.mina25a.css]
[www.northerncoastdiving.com/wp-content/plugins/elementor/assets/css/frontend.mina25a.css]
[www.northerncoastdiving.com/wp-content/uploads/elementor/css/post-10616bc3.css]
[www.northerncoastdiving.com/wp-content/plugins/elementor/assets/lib/font-awesome/css/font-awesome.min1849.css]
[www.northerncoastdiving.com/wp-content/uploads/elementor/css/post-378ac9.css]
[www.northerncoastdiving.com/wp-content/plugins/masterslider/public/assets/css/masterslider.mainccfb.css]
[www.northerncoastdiving.com/wp-content/uploads/masterslider/customad05.css]
[www.northerncoastdiving.com/wp-content/themes/embark/assets/css/app68b3.css]
[www.northerncoastdiving.com/wp-content/themes/embark/assets/fonts/ludicrous.woff]
[www.northerncoastdiving.com/wp-content/themes/embark/assets/fonts/ludicrous.woff2]
[www.northerncoastdiving.com/wp-content/plugins/jetpack/css/jetpack04fc.css]
[www.northerncoastdiving.com/wp-includes/js/jquery/jquery.minaf6c.js]
[www.northerncoastdiving.com/wp-includes/js/jquery/jquery-migrate.mind617.js]
[www.northerncoastdiving.com/wp-content/plugins/masterslider/includes/modules/elementor/assets/js/elementor-widgetsccfb.js]
[www.northerncoastdiving.com/wp-json/index.html]
[www.northerncoastdiving.com/wp-json/wp/v2/pages/37.json]
[www.northerncoastdiving.com/xmlrpc0db0.php]
[www.northerncoastdiving.com/wp-includes/wlwmanifest.xml]
[www.northerncoastdiving.com/wp-json/oembed/1.0/embed09b5.json]
[www.northerncoastdiving.com/wp-json/oembed/1.0/embed8120]
[www.northerncoastdiving.com/wp-content/fonts/work-sans/QGY_z_wNahGAdqQ43RhVcIgYT2Xz5u32K0nXBiAJoI3ZKyHqQvhf.woff]
[www.northerncoastdiving.com/wp-content/fonts/work-sans/QGY_z_wNahGAdqQ43RhVcIgYT2Xz5u32K0nXBiEJoI3ZKyHqQvhf.woff]
[www.northerncoastdiving.com/wp-content/fonts/work-sans/QGY_z_wNahGAdqQ43RhVcIgYT2Xz5u32K0nXBi8JoI3ZKyHqQg.woff]
[www.northerncoastdiving.com/wp-content/fonts/work-sans/QGY_z_wNahGAdqQ43RhVcIgYT2Xz5u32K3vXBiAJoI3ZKyHqQvhf.woff]
[www.northerncoastdiving.com/wp-content/fonts/work-sans/QGY_z_wNahGAdqQ43RhVcIgYT2Xz5u32K3vXBiEJoI3ZKyHqQvhf.woff]
[www.northerncoastdiving.com/wp-content/fonts/work-sans/QGY_z_wNahGAdqQ43RhVcIgYT2Xz5u32K3vXBi8JoI3ZKyHqQg.woff]
[www.northerncoastdiving.com/wp-content/fonts/work-sans/QGY_z_wNahGAdqQ43RhVcIgYT2Xz5u32K5fQBiAJoI3ZKyHqQvhf.woff]
[www.northerncoastdiving.com/wp-content/fonts/work-sans/QGY_z_wNahGAdqQ43RhVcIgYT2Xz5u32K5fQBiEJoI3ZKyHqQvhf.woff]
[www.northerncoastdiving.com/wp-content/fonts/work-sans/QGY_z_wNahGAdqQ43RhVcIgYT2Xz5u32K5fQBi8JoI3ZKyHqQg.woff]
[www.northerncoastdiving.com/wp-content/fonts/work-sans/QGY_z_wNahGAdqQ43RhVcIgYT2Xz5u32K67QBiAJoI3ZKyHqQvhf.woff]
[www.northerncoastdiving.com/wp-content/fonts/work-sans/QGY_z_wNahGAdqQ43RhVcIgYT2Xz5u32K67QBiEJoI3ZKyHqQvhf.woff]
[www.northerncoastdiving.com/wp-content/fonts/work-sans/QGY_z_wNahGAdqQ43RhVcIgYT2Xz5u32K67QBi8JoI3ZKyHqQg.woff]
[northerncoasta.wpengine.com/wp-content/uploads/2019/11/NCA-Logo-e1573480778481.png]
[www.tripadvisor.co.uk/img/cdsi/img2/awards/CoE2017_WidgetAsset-14348-2.png]
[www.tripadvisor.com/img/cdsi/img2/awards/CoE2017_WidgetAsset-14348-2.png]
[www.tripadvisor.com/img/cdsi/img2/awards/CoE2016_WidgetAsset-14348-2.png]
[www.tripadvisor.co.uk/img/cdsi/img2/branding/150_logo-11900-2.png]
[www.northerncoastdiving.com/dives-sosua/index.html]
[www.northerncoastdiving.com/dive-excursion/index.html]
[www.northerncoastdiving.com/dudu-cavern/index.html]
[www.northerncoastdiving.com/wp-content/uploads/2018/07/5str_DR_web-235x300.jpg]
[www.northerncoastdiving.com/monte-cristi/index.html]
[www.tripadvisor.com/img/cdsi/img2/branding/tripadvisor_logo_transp_340x80-18034-2.png]
[www.northerncoastdiving.com/paradise-island/index.html]
[www.northerncoastdiving.com/wp-content/plugins/elementor/assets/lib/animations/animations.mina25a.css]
[www.northerncoastdiving.com/wp-includes/js/jquery/ui/core.min35d0.js]
[www.northerncoastdiving.com/wp-includes/js/jquery/ui/datepicker.min35d0.js]
[www.northerncoastdiving.com/dive-courses/index.html]
[www.northerncoastdiving.com/wp-content/plugins/booked/assets/js/spin.min7406.js]
[www.northerncoastdiving.com/wp-content/plugins/booked/assets/js/spin.jquery7406.js]
[www.northerncoastdiving.com/try-scuba/index.html]
[www.northerncoastdiving.com/padi-e-learning-2/index.html]
[www.northerncoastdiving.com/wp-content/plugins/booked/assets/js/tooltipster/js/jquery.tooltipster.min9b70.js]
[www.northerncoastdiving.com/try-scuba-2/index.html]
[www.northerncoastdiving.com/wp-content/plugins/booked/assets/js/functions25b6.js]
[www.northerncoastdiving.com/try-scuba-2-2-2/index.html]
[www.northerncoastdiving.com/try-scuba-2-2/index.html]
[www.northerncoastdiving.com/snorkeling/index.html]
[www.northerncoastdiving.com/wp-includes/js/dist/vendor/regenerator-runtime.minb36a.js]
[www.northerncoastdiving.com/about-us/index.html]
[www.northerncoastdiving.com/pricing/index.html]
[www.northerncoastdiving.com/contact/index.html]
[www.northerncoastdiving.com/our-team/index.html]
[www.northerncoastdiving.com/wp-includes/js/dist/vendor/wp-polyfill.min2c7c.js]
[www.northerncoastdiving.com/wp-content/plugins/contact-form-7/includes/js/index7e15.js]
[www.northerncoastdiving.com/wp-content/plugins/ultimate-social-media-plus/js/shuffle/modernizr.custom.minc8d8.js]
[www.northerncoastdiving.com/where-to-stay/index.html]
[www.northerncoastdiving.com/cafes-restaurants/index.html]
[www.northerncoastdiving.com/wp-content/plugins/ultimate-social-media-plus/js/customc8d8.js]
[www.northerncoastdiving.com/wp-content/plugins/booked/includes/add-ons/frontend-agents/js/functions25b6.js]
[www.northerncoastdiving.com/wp-content/plugins/jetpack/_inc/build/facebook-embed.min04fc.js]
[www.northerncoastdiving.com/gallery/index.html]
[www.northerncoastdiving.com/reserve/index.html]
[www.northerncoastdiving.com/wp-content/plugins/jetpack/jetpack_vendor/automattic/jetpack-lazy-images/dist/intersection-observer6657.js]
[www.northerncoastdiving.com/wp-content/plugins/jetpack/jetpack_vendor/automattic/jetpack-lazy-images/dist/lazy-imagesa096.js]
[www.northerncoastdiving.com/wp-content/plugins/th-widget-pack/js/themo-foot77ae.js]
[www.northerncoastdiving.com/hello-world/index.html]
[www.northerncoastdiving.com/wp-content/themes/embark/assets/js/vendor/vendor_footer4963.js]
[www.northerncoastdiving.com/wp-content/themes/embark/assets/js/main4963.js]
[www.northerncoastdiving.com/wp-includes/js/wp-embed.minc8d8.js]
[www.northerncoastdiving.com/our-essential-rafting-tips/index.html]
[www.northerncoastdiving.com/wp-content/plugins/th-widget-pack/js/themo-google-maps77ae.js]
[www.northerncoastdiving.com/wp-content/plugins/jetpack/_inc/build/carousel/jetpack-carousel.min04fc.js]
[www.northerncoastdiving.com/wp-content/plugins/elementor/assets/js/webpack.runtime.mina25a.js]
[www.northerncoastdiving.com/wp-content/plugins/elementor/assets/js/frontend-modules.mina25a.js]
[www.northerncoastdiving.com/wp-content/plugins/elementor/assets/lib/waypoints/waypoints.min05da.js]
[www.northerncoastdiving.com/wp-content/plugins/elementor/assets/lib/swiper/swiper.min48f5.js]
[www.northerncoastdiving.com/wp-content/plugins/elementor/assets/lib/share-link/share-link.mina25a.js]
[www.northerncoastdiving.com/wp-content/plugins/elementor/assets/lib/dialog/dialog.mind227.js]
[www.northerncoastdiving.com/wp-content/plugins/elementor/assets/js/frontend.mina25a.js]
[www.northerncoastdiving.com/wp-content/plugins/elementor/assets/js/preloaded-modules.mina25a.js]
[www.northerncoastdiving.com/index.html]
[www.northerncoastdiving.com/feed/index.html]
[stats.wp.com/e-202205.js]
[www.northerncoastdiving.com/wp-content/plugins/formidable/images/ajax_loader.gif]
[www.northerncoastdiving.com/wp-content/plugins/formidable/css/formidableforms6027.css]
[www.northerncoastdiving.com/wp-content/plugins/instagram-feed/img/small-logo.png]
[www.northerncoastdiving.com/wp-content/plugins/instagram-feed/css/sbi-styles.min9361.css]
[www.northerncoastdiving.com/wp-content/plugins/th-widget-pack/assets/icons/linea/linea-arrows-10.eot]
[www.northerncoastdiving.com/wp-content/plugins/th-widget-pack/assets/icons/linea/linea-arrows-10d41d.eot]
[www.northerncoastdiving.com/wp-content/plugins/th-widget-pack/assets/icons/linea/linea-arrows-10.woff]
[www.northerncoastdiving.com/wp-content/plugins/th-widget-pack/assets/icons/linea/linea-arrows-10.ttf]
[www.northerncoastdiving.com/wp-content/plugins/th-widget-pack/assets/icons/linea/linea-arrows-10.svg]
[www.northerncoastdiving.com/wp-content/plugins/th-widget-pack/assets/icons/linea/linea-basic-10.eot]
[www.northerncoastdiving.com/wp-content/plugins/th-widget-pack/assets/icons/linea/linea-basic-10d41d.eot]
[www.northerncoastdiving.com/wp-content/plugins/th-widget-pack/assets/icons/linea/linea-basic-10.woff]
[www.northerncoastdiving.com/wp-content/plugins/th-widget-pack/assets/icons/linea/linea-basic-10.ttf]
[www.northerncoastdiving.com/wp-content/plugins/th-widget-pack/assets/icons/linea/linea-basic-10.svg]
[www.northerncoastdiving.com/wp-content/plugins/th-widget-pack/assets/icons/linea/linea-basic-elaboration-10.eot]
[www.northerncoastdiving.com/wp-content/plugins/th-widget-pack/assets/icons/linea/linea-basic-elaboration-10d41d.eot]
[www.northerncoastdiving.com/wp-content/plugins/th-widget-pack/assets/icons/linea/linea-basic-elaboration-10.woff]
[www.northerncoastdiving.com/wp-content/plugins/th-widget-pack/assets/icons/linea/linea-basic-elaboration-10.ttf]
[www.northerncoastdiving.com/wp-content/plugins/th-widget-pack/assets/icons/linea/linea-basic-elaboration-10.svg]
[www.northerncoastdiving.com/wp-content/plugins/th-widget-pack/assets/icons/linea/linea-ecommerce-10.eot]
[www.northerncoastdiving.com/wp-content/plugins/th-widget-pack/assets/icons/linea/linea-ecommerce-10d41d.eot]
[www.northerncoastdiving.com/wp-content/plugins/th-widget-pack/assets/icons/linea/linea-ecommerce-10.woff]
[www.northerncoastdiving.com/wp-content/plugins/th-widget-pack/assets/icons/linea/linea-ecommerce-10.ttf]
[www.northerncoastdiving.com/wp-content/plugins/th-widget-pack/assets/icons/linea/linea-ecommerce-10.svg]
[www.northerncoastdiving.com/wp-content/plugins/th-widget-pack/assets/icons/linea/linea-music-10.eot]
[www.northerncoastdiving.com/wp-content/plugins/th-widget-pack/assets/icons/linea/linea-music-10d41d.eot]
[www.northerncoastdiving.com/wp-content/plugins/th-widget-pack/assets/icons/linea/linea-music-10.woff]
[www.northerncoastdiving.com/wp-content/plugins/th-widget-pack/assets/icons/linea/linea-music-10.ttf]
[www.northerncoastdiving.com/wp-content/plugins/th-widget-pack/assets/icons/linea/linea-music-10.svg]
[www.northerncoastdiving.com/wp-content/plugins/th-widget-pack/assets/icons/linea/linea-software-10.eot]
[www.northerncoastdiving.com/wp-content/plugins/th-widget-pack/assets/icons/linea/linea-software-10d41d.eot]
[www.northerncoastdiving.com/wp-content/plugins/th-widget-pack/assets/icons/linea/linea-software-10.woff]
[www.northerncoastdiving.com/wp-content/plugins/th-widget-pack/assets/icons/linea/linea-software-10.ttf]
[www.northerncoastdiving.com/wp-content/plugins/th-widget-pack/assets/icons/linea/linea-software-10.svg]
[www.northerncoastdiving.com/wp-content/plugins/th-widget-pack/assets/icons/linea/linea-weather-10.eot]
[www.northerncoastdiving.com/wp-content/plugins/th-widget-pack/assets/icons/linea/linea-weather-10d41d.eot]
[www.northerncoastdiving.com/wp-content/plugins/th-widget-pack/assets/icons/linea/linea-weather-10.woff]
[www.northerncoastdiving.com/wp-content/plugins/th-widget-pack/assets/icons/linea/linea-weather-10.ttf]
[www.northerncoastdiving.com/wp-content/plugins/th-widget-pack/assets/icons/linea/linea-weather-10.svg]
[www.northerncoastdiving.com/wp-content/plugins/th-widget-pack/assets/icons/travelpack/travelpack.eot]
[www.northerncoastdiving.com/wp-content/plugins/th-widget-pack/assets/icons/travelpack/travelpackd41d.eot]
[www.northerncoastdiving.com/wp-content/plugins/th-widget-pack/assets/icons/travelpack/travelpack.woff]
[www.northerncoastdiving.com/wp-content/plugins/th-widget-pack/assets/icons/travelpack/travelpack.ttf]
[www.northerncoastdiving.com/wp-content/plugins/th-widget-pack/assets/icons/icons77ae.css]
[www.northerncoastdiving.com/wp-includes/css/dist/block-library/style.minc8d8.css]
[www.northerncoastdiving.com/wp-content/plugins/th-widget-pack/assets/icons/travelpack/travelpack.svg]
[www.northerncoastdiving.com/wp-includes/js/mediaelement/mediaelementplayer-legacy.min08e1.css]
[www.northerncoastdiving.com/wp-includes/js/mediaelement/wp-mediaelement.minc8d8.css]
[www.northerncoastdiving.com/wp-content/plugins/booked/assets/css/icons25b6.css]
[www.northerncoastdiving.com/wp-content/plugins/booked/assets/js/tooltipster/css/tooltipster9b70.css]
[www.northerncoastdiving.com/wp-content/plugins/booked/assets/js/tooltipster/css/themes/tooltipster-light9b70.css]
[www.northerncoastdiving.com/wp-content/plugins/booked/assets/css/animations25b6.css]
[www.northerncoastdiving.com/wp-content/plugins/booked/dist/booked25b6.css]
[www.northerncoastdiving.com/wp-content/plugins/contact-form-7/includes/css/styles7e15.css]
[www.northerncoastdiving.com/wp-includes/js/mediaelement/mejs-controls.svg]
[www.northerncoastdiving.com/wp-content/plugins/ultimate-social-media-plus/css/fonts/helvetica_bold_0-webfont.eot]
[www.northerncoastdiving.com/wp-content/plugins/ultimate-social-media-plus/css/fonts/helvetica_bold_0-webfontd41d.eot]
[www.northerncoastdiving.com/wp-content/plugins/ultimate-social-media-plus/css/fonts/helvetica_bold_0-webfont.woff]
[www.northerncoastdiving.com/wp-content/plugins/ultimate-social-media-plus/css/fonts/helvetica_bold_0-webfont.ttf]
[www.northerncoastdiving.com/wp-content/plugins/ultimate-social-media-plus/css/fonts/helvetica_bold_0-webfont.svg]
[www.northerncoastdiving.com/wp-content/plugins/ultimate-social-media-plus/css/fonts/helvetica_0-webfont.eot]
[www.northerncoastdiving.com/wp-content/plugins/ultimate-social-media-plus/css/fonts/helvetica_0-webfontd41d.eot]
[www.northerncoastdiving.com/wp-content/plugins/ultimate-social-media-plus/css/fonts/helvetica_0-webfont.woff]
[www.northerncoastdiving.com/wp-content/plugins/ultimate-social-media-plus/css/fonts/helvetica_0-webfont.ttf]
[www.northerncoastdiving.com/wp-content/plugins/ultimate-social-media-plus/css/fonts/helvetica_0-webfont.svg]
[www.northerncoastdiving.com/wp-content/plugins/ultimate-social-media-plus/css/fonts/helveticaneue-light.eot]
[www.northerncoastdiving.com/wp-content/plugins/ultimate-social-media-plus/css/fonts/helveticaneue-lightd41d.eot]
[www.northerncoastdiving.com/wp-content/plugins/ultimate-social-media-plus/css/fonts/helveticaneue-light.woff]
[www.northerncoastdiving.com/wp-content/plugins/ultimate-social-media-plus/css/fonts/helveticaneue-light.ttf]
[www.northerncoastdiving.com/wp-content/plugins/ultimate-social-media-plus/css/fonts/helveticaneue-light.svg]
[www.northerncoastdiving.com/wp-content/plugins/ultimate-social-media-plus/images/count_bg.png]
[www.northerncoastdiving.com/wp-content/plugins/ultimate-social-media-plus/images/check_bg.jpg]
[www.northerncoastdiving.com/wp-content/plugins/ultimate-social-media-plus/images/radio_bg.png]
[www.northerncoastdiving.com/wp-content/plugins/ultimate-social-media-plus/images/select_bg.jpg]
[www.northerncoastdiving.com/wp-content/plugins/ultimate-social-media-plus/images/count_bg.jpg]
[www.northerncoastdiving.com/wp-content/plugins/ultimate-social-media-plus/images/select_bg1.jpg]
[www.northerncoastdiving.com/wp-content/plugins/ultimate-social-media-plus/images/count_bg1.png]
[www.northerncoastdiving.com/wp-content/plugins/ultimate-social-media-plus/images/tab_3_list_bg.jpg]
[www.northerncoastdiving.com/wp-content/plugins/ultimate-social-media-plus/images/ajax-loader.gif]
[www.northerncoastdiving.com/wp-content/plugins/ultimate-social-media-plus/images/bot_tip_icn.png]
[www.northerncoastdiving.com/wp-content/plugins/ultimate-social-media-plus/css/images/count_top_arow.png]
[www.northerncoastdiving.com/wp-content/plugins/ultimate-social-media-plus/css/images/count_left_arow.png]
[www.northerncoastdiving.com/wp-content/plugins/ultimate-social-media-plus/css/sfsi-stylec8d8.css]
[www.northerncoastdiving.com/wp-content/plugins/elementor/assets/lib/eicons/fonts/eiconsdc2c.eot]
[www.northerncoastdiving.com/wp-content/plugins/elementor/assets/lib/eicons/fonts/eiconsdc2c.woff2]
[www.northerncoastdiving.com/wp-content/plugins/elementor/assets/lib/eicons/fonts/eiconsdc2c.woff]
[www.northerncoastdiving.com/wp-content/plugins/elementor/assets/lib/eicons/fonts/eiconsdc2c.ttf]
[www.northerncoastdiving.com/wp-content/plugins/elementor/assets/lib/eicons/css/elementor-icons.mine900.css]
[www.northerncoastdiving.com/wp-content/plugins/elementor/assets/css/frontend-legacy.mina25a.css]
[www.northerncoastdiving.com/wp-content/plugins/elementor/assets/css/frontend.mina25a.css]
[www.northerncoastdiving.com/wp-content/uploads/elementor/css/post-10616bc3.css]
[www.northerncoastdiving.com/wp-content/plugins/elementor/assets/lib/eicons/fonts/eiconsdc2c.svg]
[www.northerncoastdiving.com/wp-content/plugins/elementor/assets/lib/font-awesome/fonts/fontawesome-webfont3e6e.eot]
[www.northerncoastdiving.com/wp-content/plugins/elementor/assets/lib/font-awesome/fonts/fontawesome-webfontd41d.eot]
[www.northerncoastdiving.com/wp-content/plugins/elementor/assets/lib/font-awesome/fonts/fontawesome-webfont3e6e.woff2]
[www.northerncoastdiving.com/wp-content/plugins/elementor/assets/lib/font-awesome/fonts/fontawesome-webfont3e6e.woff]
[www.northerncoastdiving.com/wp-content/plugins/elementor/assets/lib/font-awesome/fonts/fontawesome-webfont3e6e.ttf]
[www.northerncoastdiving.com/wp-content/plugins/elementor/assets/lib/font-awesome/css/font-awesome.min1849.css]
[www.northerncoastdiving.com/wp-content/plugins/elementor/assets/lib/font-awesome/fonts/fontawesome-webfont3e6e.svg]
[northerncoasta.wpengine.com/wp-content/uploads/2018/07/LRM_EXPORT_20180207_122545_resized_1.jpg]
[northerncoasta.wpengine.com/wp-content/uploads/2018/07/IMG_2236.jpg]
[northerncoasta.wpengine.com/wp-content/uploads/2018/07/PADI_ver_col_web.jpg]
[northerncoasta.wpengine.com/wp-content/uploads/2018/02/Du-Du-Caverns.jpg]
[northerncoasta.wpengine.com/wp-content/uploads/2017/07/Paradise-624x468.jpg]
[www.northerncoastdiving.com/wp-content/uploads/elementor/css/post-378ac9.css]
[www.northerncoastdiving.com/wp-content/plugins/masterslider/public/assets/css/common/loading-2.gif]
[www.northerncoastdiving.com/wp-content/plugins/masterslider/public/assets/css/common/grab.png]
[www.northerncoastdiving.com/wp-content/plugins/masterslider/public/assets/css/common/grabbing.png]
[www.northerncoastdiving.com/wp-content/plugins/masterslider/public/assets/css/common/video-close-btn.png]
[www.northerncoastdiving.com/wp-content/plugins/masterslider/public/assets/css/skins/light-skin-1.png]
[www.northerncoastdiving.com/wp-content/plugins/masterslider/public/assets/css/skins/light-skin-1-retina.png]
[www.northerncoastdiving.com/wp-content/plugins/masterslider/public/assets/css/skins/black-skin-1.png]
[www.northerncoastdiving.com/wp-content/plugins/masterslider/public/assets/css/skins/black-skin-1-retina.png]
[www.northerncoastdiving.com/wp-content/plugins/masterslider/public/assets/css/skins/black-skin-2.png]
[www.northerncoastdiving.com/wp-content/plugins/masterslider/public/assets/css/skins/black-skin-2-retina.png]
[www.northerncoastdiving.com/wp-content/plugins/masterslider/public/assets/css/skins/light-skin-2.png]
[www.northerncoastdiving.com/wp-content/plugins/masterslider/public/assets/css/skins/light-skin-2-retina.png]
[www.northerncoastdiving.com/wp-content/plugins/masterslider/public/assets/css/skins/light-skin-3.png]
[www.northerncoastdiving.com/wp-content/plugins/masterslider/public/assets/css/skins/light-skin-3-retina.png]
[www.northerncoastdiving.com/wp-content/plugins/masterslider/public/assets/css/skins/light-skin-4.png]
[www.northerncoastdiving.com/wp-content/plugins/masterslider/public/assets/css/skins/light-skin-4-retina.png]
[www.northerncoastdiving.com/wp-content/plugins/masterslider/public/assets/css/skins/light-skin-5.png]
[www.northerncoastdiving.com/wp-content/plugins/masterslider/public/assets/css/skins/light-skin-5-retina.png]
[www.northerncoastdiving.com/wp-content/plugins/masterslider/public/assets/css/skins/light-skin-6.png]
[www.northerncoastdiving.com/wp-content/plugins/masterslider/public/assets/css/skins/light-skin-6-retina.png]
[www.northerncoastdiving.com/wp-content/plugins/masterslider/public/assets/css/skins/metro-skin.png]
[www.northerncoastdiving.com/wp-content/plugins/masterslider/public/assets/css/skins/metro-skin-retina.png]
[www.northerncoastdiving.com/wp-content/plugins/masterslider/public/assets/css/skins/minimal.svg]
[www.northerncoastdiving.com/wp-content/plugins/masterslider/public/assets/css/skins/contrast-skin.png]
[www.northerncoastdiving.com/wp-content/plugins/masterslider/public/assets/css/skins/contrast-skin-retina.png]
[www.northerncoastdiving.com/wp-content/plugins/masterslider/public/assets/css/templates/device-skin.png]
[www.northerncoastdiving.com/wp-content/plugins/masterslider/public/assets/css/templates/gallery-btns.png]
[www.northerncoastdiving.com/wp-content/plugins/masterslider/public/assets/css/templates/staff-arrows.png]
[www.northerncoastdiving.com/wp-content/plugins/masterslider/public/assets/css/templates/vertical-arrows.png]
[www.northerncoastdiving.com/wp-content/plugins/masterslider/public/assets/css/masterslider.mainccfb.css]
[www.northerncoastdiving.com/wp-content/uploads/masterslider/customad05.css]
[www.northerncoastdiving.com/wp-content/themes/embark/assets/fonts/flexslider-icon.eot]
[www.northerncoastdiving.com/wp-content/themes/embark/assets/fonts/flexslider-icond41d.eot]
[www.northerncoastdiving.com/wp-content/themes/embark/assets/fonts/flexslider-icon.woff]
[www.northerncoastdiving.com/wp-content/themes/embark/assets/fonts/flexslider-icon.ttf]
[www.northerncoastdiving.com/wp-content/themes/embark/assets/fonts/flexslider-icon.svg]
[www.northerncoastdiving.com/wp-content/themes/embark/assets/fonts/themovation-icons.eot]
[www.northerncoastdiving.com/wp-content/themes/embark/assets/fonts/themovation-iconsd41d.eot]
[www.northerncoastdiving.com/wp-content/themes/embark/assets/fonts/themovation-icons.woff]
[www.northerncoastdiving.com/wp-content/themes/embark/assets/fonts/themovation-icons.ttf]
[www.northerncoastdiving.com/wp-content/themes/embark/assets/css/app68b3.css]
[www.northerncoastdiving.com/wp-content/themes/embark/assets/fonts/themovation-icons.svg]
[www.northerncoastdiving.com/wp-content/plugins/jetpack/modules/shortcodes/img/slideshow-controls.png]
[www.northerncoastdiving.com/wp-content/plugins/jetpack/modules/shortcodes/img/slideshow-controls-2x.png]
[www.northerncoastdiving.com/wp-content/plugins/jetpack/modules/shortcodes/images/slide-nav.png]
[www.northerncoastdiving.com/wp-content/plugins/jetpack/modules/shortcodes/images/expand.png]
[www.northerncoastdiving.com/wp-content/plugins/jetpack/modules/shortcodes/images/collapse.png]
[secure.gravatar.com/images/grav-share-sprite.png]
[www.northerncoastdiving.com/wp-content/plugins/jetpack/css/jetpack04fc.css]
[www.northerncoastdiving.com/wp-content/plugins/masterslider/public/assets/css/common/grabbing.html]
[www.northerncoastdiving.com/wp-content/plugins/masterslider/public/assets/css/common/grab.html]
[www.northerncoastdiving.com/wp-content/uploads/elementor/css/post-53a690.css]
[www.northerncoastdiving.com/wp-json/wp/v2/pages/53.json]
[www.northerncoastdiving.com/wp-json/oembed/1.0/embed5c9c.json]
[www.northerncoastdiving.com/wp-json/oembed/1.0/embed30f5]
[www.northerncoastdiving.com/wp-content/uploads/2017/05/IMG_0514-605x605.jpg]
[www.northerncoastdiving.com/wp-content/uploads/2018/07/IMG_0784-605x605.jpg]
[www.northerncoastdiving.com/wp-content/uploads/2018/07/P8060123-605x605.jpg]
[www.northerncoastdiving.com/wp-content/uploads/2018/07/coral-looks-like-vulcan-605x605.jpg]
[www.northerncoastdiving.com/wp-content/uploads/2018/07/IMG_1807-605x605.jpg]
[www.northerncoastdiving.com/wp-content/uploads/2018/07/high-605x605.jpg]
[www.northerncoastdiving.com/tour/three-rocks/index.html]
[www.northerncoastdiving.com/wp-content/uploads/2018/07/IMG_0411-605x605.jpg]
[www.northerncoastdiving.com/wp-content/uploads/2018/07/PICT0059-605x605.jpg]
[www.northerncoastdiving.com/wp-content/uploads/2018/07/Reef-605x605.jpg]
[www.northerncoastdiving.com/wp-content/uploads/2018/07/2-uw-day-024-605x605.jpg]
[www.northerncoastdiving.com/wp-content/uploads/2018/07/IMG_1677-605x605.jpg]
[www.northerncoastdiving.com/tour/palmera/index.html]
[www.northerncoastdiving.com/tour/canyon/index.html]
[www.northerncoastdiving.com/wp-content/uploads/2018/07/IMG_2328-605x605.jpg]
[www.northerncoastdiving.com/wp-content/uploads/2018/07/36685989_10216691490269410_3101347046368477184_n-605x605.jpg]
[www.northerncoastdiving.com/wp-content/uploads/2018/07/IMG_2119-605x605.jpg]
[www.northerncoastdiving.com/wp-content/uploads/2018/02/finger-coral-1-605x605.jpg]
[www.northerncoastdiving.com/tour/west-wall/index.html]
[www.northerncoastdiving.com/wp-content/uploads/2017/07/5-Rocks-1-of-1-624x468-394x394.jpg]
[www.northerncoastdiving.com/dives-sosua/index.html]
[www.northerncoastdiving.com/wp-content/uploads/elementor/css/post-6399d47.css]
[www.northerncoastdiving.com/tour/puntilla-wall/index.html]
[www.northerncoastdiving.com/tour/mini-wall/index.html]
[www.northerncoastdiving.com/tour/paradise-1/index.html]
[www.northerncoastdiving.com/wp-json/wp/v2/pages/639.json]
[www.northerncoastdiving.com/tour/paradise-2/index.html]
[www.northerncoastdiving.com/tour/coral-garden/index.html]
[www.northerncoastdiving.com/tour/coral-garden-wall/index.html]
[www.northerncoastdiving.com/tour/ray-point/index.html]
[www.northerncoastdiving.com/wp-json/oembed/1.0/embedea3f.json]
[www.northerncoastdiving.com/tour/sea-horse-reef/index.html]
[www.northerncoastdiving.com/tour/zingara-wreck/index.html]
[www.northerncoastdiving.com/tour/pyramids/index.html]
[www.northerncoastdiving.com/tour/airport-wall/index.html]
[www.northerncoastdiving.com/dive-excursion/index.html]
[www.northerncoastdiving.com/wp-json/oembed/1.0/embed6c27]
[www.northerncoastdiving.com/wp-content/uploads/elementor/css/post-69000b8.css]
[www.northerncoastdiving.com/tour/five-rocks/index.html]
[www.northerncoastdiving.com/wp-json/wp/v2/pages/690.json]
[www.northerncoastdiving.com/wp-json/oembed/1.0/embed9cf1.json]
[www.northerncoastdiving.com/wp-json/oembed/1.0/embed54bf]
[www.northerncoastdiving.com/wp-content/uploads/2017/05/Stalagtites-394x303.jpg]
[www.northerncoastdiving.com/wp-content/uploads/2017/05/Tree-and-Baenacles-394x303.jpg]
[www.northerncoastdiving.com/wp-content/uploads/2017/05/Cave-394x303.jpg]
[www.northerncoastdiving.com/dudu-cavern/index.html]
[www.northerncoastdiving.com/wp-content/uploads/elementor/css/post-691e2d4.css]
[www.northerncoastdiving.com/wp-json/wp/v2/pages/691.json]
[www.northerncoastdiving.com/wp-json/oembed/1.0/embed1692.json]
[www.northerncoastdiving.com/monte-cristi/index.html]
[www.northerncoastdiving.com/wp-json/oembed/1.0/embed8ce6]
[www.northerncoastdiving.com/wp-content/uploads/elementor/css/post-6736bc3.css]
[www.northerncoastdiving.com/wp-json/wp/v2/pages/673.json]
[www.northerncoastdiving.com/wp-json/oembed/1.0/embed8840.json]
[www.northerncoastdiving.com/paradise-island/index.html]
[www.northerncoastdiving.com/wp-json/oembed/1.0/embed858f]
[www.northerncoastdiving.com/wp-content/uploads/elementor/css/post-2138ba5.css]
[www.northerncoastdiving.com/wp-json/wp/v2/pages/213.json]
[www.northerncoastdiving.com/wp-json/oembed/1.0/embed9118.json]
[www.northerncoastdiving.com/dive-courses/index.html]
[www.northerncoastdiving.com/wp-json/oembed/1.0/embed20f6]
[www.northerncoastdiving.com/wp-content/uploads/elementor/css/post-2792740.css]
[www.northerncoastdiving.com/wp-json/wp/v2/pages/279.json]
[www.northerncoastdiving.com/wp-json/oembed/1.0/embed2af2.json]
[www.northerncoastdiving.com/try-scuba/index.html]
[www.northerncoastdiving.com/wp-json/oembed/1.0/embedeac9]
[www.northerncoastdiving.com/wp-json/wp/v2/pages/865.json]
[www.northerncoastdiving.com/wp-json/oembed/1.0/embeddd39.json]
[www.northerncoastdiving.com/wp-json/oembed/1.0/embed970b]
[northerncoasta.wpengine.com/wp-content/uploads/2018/07/PADI_eLearning_web.jpg]
[www.northerncoastdiving.com/wp-content/uploads/2018/07/PADI_eLearning_web-1920x232.jpg]
[www.northerncoastdiving.com/padi-e-learning-2/index.html]
[www.northerncoastdiving.com/wp-json/wp/v2/pages/282.json]
[www.northerncoastdiving.com/wp-json/oembed/1.0/embed4032.json]
[www.northerncoastdiving.com/try-scuba-2/index.html]
[www.northerncoastdiving.com/wp-json/oembed/1.0/embed769c]
[www.northerncoastdiving.com/wp-json/wp/v2/pages/284.json]
[www.northerncoastdiving.com/wp-json/oembed/1.0/embedf0a1.json]
[www.northerncoastdiving.com/wp-json/oembed/1.0/embed759c]
[www.northerncoastdiving.com/wp-content/uploads/2018/07/bd15dc_5e23a5e82f57418c94f78b47fd011c54-1024x680.gif]
[www.northerncoastdiving.com/try-scuba-2-2/index.html]
[www.northerncoastdiving.com/wp-json/wp/v2/pages/292.json]
[www.northerncoastdiving.com/wp-json/oembed/1.0/embed0d8c.json]
[www.northerncoastdiving.com/wp-json/oembed/1.0/embed2e6b]
[www.northerncoastdiving.com/wp-content/uploads/2018/07/go-padi-pro-scuba-center-asia.jpg]
[www.northerncoastdiving.com/try-scuba-2-2-2/index.html]
[www.northerncoastdiving.com/wp-content/uploads/elementor/css/post-2239d32.css]
[www.northerncoastdiving.com/wp-json/wp/v2/pages/223.json]
[www.northerncoastdiving.com/wp-json/oembed/1.0/embede621.json]
[www.northerncoastdiving.com/snorkeling/index.html]
[www.northerncoastdiving.com/wp-json/oembed/1.0/embed272f]
[www.northerncoastdiving.com/wp-json/wp/v2/pages/395.json]
[www.northerncoastdiving.com/wp-json/oembed/1.0/embed3824.json]
[www.northerncoastdiving.com/pricing/index.html]
[www.northerncoastdiving.com/wp-json/oembed/1.0/embeddb30]
[www.northerncoastdiving.com/wp-content/uploads/elementor/css/post-56348b.css]
[www.northerncoastdiving.com/wp-json/wp/v2/pages/56.json]
[www.northerncoastdiving.com/wp-json/oembed/1.0/embedfcbd.json]
[www.northerncoastdiving.com/about-us/index.html]
[www.northerncoastdiving.com/wp-json/oembed/1.0/embed1c01]
[www.northerncoastdiving.com/wp-content/uploads/elementor/css/post-68311a1.css]
[www.northerncoastdiving.com/wp-json/wp/v2/pages/683.json]
[www.northerncoastdiving.com/wp-json/oembed/1.0/embed9cbb.json]
[www.northerncoastdiving.com/wp-json/oembed/1.0/embed6b4a]
[www.northerncoastdiving.com/wp-content/uploads/2018/02/Alej.jpg]
[www.northerncoastdiving.com/wp-content/uploads/2018/07/20171117_101121-01-310x303.jpg]
[www.northerncoastdiving.com/our-team/index.html]
[www.northerncoastdiving.com/wp-content/uploads/elementor/css/post-450b61.css]
[www.northerncoastdiving.com/wp-json/wp/v2/pages/45.json]
[www.northerncoastdiving.com/wp-json/oembed/1.0/embed8f62.json]
[www.northerncoastdiving.com/wp-json/oembed/1.0/embedcb03]
[www.northerncoastdiving.com/wp-content/plugins/formidable/js/frm.minc721.js]
[www.google.com/recaptcha/api592e.js]
[www.northerncoastdiving.com/contact/index.html]
[www.northerncoastdiving.com/wp-content/uploads/elementor/css/post-297be88.css]
[www.northerncoastdiving.com/wp-json/wp/v2/pages/297.json]
[www.northerncoastdiving.com/wp-json/oembed/1.0/embedd923.json]
[www.northerncoastdiving.com/wp-json/oembed/1.0/embede8d9]
[www.northerncoastdiving.com/wp-content/uploads/2018/02/tropix-394x255.png]
[www.northerncoastdiving.com/wp-content/uploads/2018/02/casa-valeria-394x288.png]
[www.northerncoastdiving.com/wp-content/uploads/2018/02/ocean-palms-379x303.jpg]
[www.northerncoastdiving.com/where-to-stay/index.html]
[www.northerncoastdiving.com/wp-json/wp/v2/pages/295.json]
[www.northerncoastdiving.com/wp-json/oembed/1.0/embed4a00.json]
[www.northerncoastdiving.com/cafes-restaurants/index.html]
[www.northerncoastdiving.com/wp-json/oembed/1.0/embedb199]
[www.northerncoastdiving.com/wp-content/uploads/elementor/css/post-551dc0.css]
[www.northerncoastdiving.com/wp-json/wp/v2/pages/55.json]
[www.northerncoastdiving.com/wp-json/oembed/1.0/embedac4d.json]
[www.northerncoastdiving.com/wp-json/oembed/1.0/embed8faf]
[www.northerncoastdiving.com/wp-content/uploads/2018/02/finger-coral-742x950.jpg]
[www.northerncoastdiving.com/wp-content/uploads/2018/02/finger-coral-605x465.jpg]
[www.northerncoastdiving.com/wp-content/uploads/2017/05/IMG_0962-1240x930.jpg]
[www.northerncoastdiving.com/wp-content/uploads/2017/05/IMG_0962-605x465.jpg]
[www.northerncoastdiving.com/wp-content/uploads/2017/05/IMG_1658-1240x930.jpg]
[www.northerncoastdiving.com/wp-content/uploads/2017/05/IMG_1658-605x465.jpg]
[www.northerncoastdiving.com/wp-content/uploads/2018/02/anenome-1-of-1-624x468.jpg]
[www.northerncoastdiving.com/wp-content/uploads/2018/02/anenome-1-of-1-624x468-605x465.jpg]
[www.northerncoastdiving.com/wp-content/uploads/2018/02/shell-1-of-1-1203x950.jpg]
[www.northerncoastdiving.com/wp-content/uploads/2018/02/shell-1-of-1-605x465.jpg]
[www.northerncoastdiving.com/wp-content/uploads/2017/05/IMG_0514-1123x950.jpg]
[www.northerncoastdiving.com/wp-content/uploads/2017/05/IMG_0514-605x465.jpg]
[www.northerncoastdiving.com/wp-content/uploads/2017/07/5-Rocks-1-of-1-624x468.jpg]
[www.northerncoastdiving.com/wp-content/uploads/2017/07/5-Rocks-1-of-1-624x468-605x465.jpg]
[www.northerncoastdiving.com/wp-content/uploads/2017/07/Ray-Point-624x430.jpg]
[www.northerncoastdiving.com/wp-content/uploads/2017/07/Ray-Point-624x430-605x430.jpg]
[www.northerncoastdiving.com/wp-content/uploads/2017/07/Airport-1-of-1-624x559.jpg]
[www.northerncoastdiving.com/wp-content/uploads/2017/07/Airport-1-of-1-624x559-605x465.jpg]
[www.northerncoastdiving.com/wp-content/uploads/2018/02/Three-Rocks-to-fourth-Rock-713x950.jpg]
[www.northerncoastdiving.com/wp-content/uploads/2018/02/Three-Rocks-to-fourth-Rock-605x465.jpg]
[www.northerncoastdiving.com/wp-content/uploads/2018/02/French-Grunts-1240x930.jpg]
[www.northerncoastdiving.com/wp-content/uploads/2018/02/French-Grunts-605x465.jpg]
[www.northerncoastdiving.com/gallery/index.html]
[www.northerncoastdiving.com/wp-content/uploads/elementor/css/post-33089fd.css]
[www.northerncoastdiving.com/wp-json/wp/v2/pages/330.json]
[www.northerncoastdiving.com/wp-json/oembed/1.0/embed76b4.json]
[www.northerncoastdiving.com/reserve/index.html]
[www.northerncoastdiving.com/wp-json/oembed/1.0/embed799b]
[www.northerncoastdiving.com/wp-content/plugins/jetpack/_inc/social-logos/social-logos.min04fc.css]
[www.northerncoastdiving.com/wp-content/plugins/jetpack/_inc/build/related-posts/related-posts.min07b1.js]
[www.northerncoastdiving.com/hello-world/feed/index.html]
[www.northerncoastdiving.com/wp-json/wp/v2/posts/1.json]
[www.northerncoastdiving.com/wp-json/oembed/1.0/embed9ec6.json]
[www.northerncoastdiving.com/wp-json/oembed/1.0/embedbccc]
[www.northerncoastdiving.com/wp-includes/js/comment-reply.minc8d8.js]
[www.northerncoastdiving.com/hello-world/index.html]
[www.northerncoastdiving.com/wp-content/plugins/jetpack/_inc/build/sharedaddy/sharing.min04fc.js]
[www.northerncoastdiving.com/top-camping-destinations-reviewed/index.html]
[www.northerncoastdiving.com/wp-json/wp/v2/posts/22.json]
[www.northerncoastdiving.com/multi-day-vs-single-day-rafting-trips/index.html]
[www.northerncoastdiving.com/the-rafting-experience/index.html]
[www.northerncoastdiving.com/wp-json/oembed/1.0/embedbc2d.json]
[www.northerncoastdiving.com/tag/adventure/index.html]
[www.northerncoastdiving.com/tag/camping/index.html]
[www.northerncoastdiving.com/tag/family/index.html]
[www.northerncoastdiving.com/tag/faq/index.html]
[www.northerncoastdiving.com/wp-json/oembed/1.0/embed0386]
[www.northerncoastdiving.com/tag/information/index.html]
[www.northerncoastdiving.com/tag/inspiration/index.html]
[www.northerncoastdiving.com/tag/planning/index.html]
[www.northerncoastdiving.com/wp-content/uploads/2017/08/08.jpg]
[www.northerncoastdiving.com/our-essential-rafting-tips/index.html]
[www.northerncoastdiving.com/tag/safety/index.html]
[www.northerncoastdiving.com/wp-content/plugins/elementor/assets/lib/animations/animations.mina25a.css]
[www.northerncoastdiving.com/tag/tips/index.html]
[www.northerncoastdiving.com/tag/video/index.html]
[www.northerncoastdiving.com/our-essential-rafting-tips/feed/index.html]
[www.northerncoastdiving.com/wp-content/plugins/th-widget-pack/assets/icons/linea/linea-arrows-10.svg]
[www.northerncoastdiving.com/wp-content/plugins/th-widget-pack/assets/icons/linea/linea-basic-10.svg]
[www.northerncoastdiving.com/wp-content/plugins/th-widget-pack/assets/icons/linea/linea-basic-elaboration-10.svg]
[www.northerncoastdiving.com/wp-content/plugins/th-widget-pack/assets/icons/linea/linea-ecommerce-10.svg]
[www.northerncoastdiving.com/wp-content/plugins/th-widget-pack/assets/icons/linea/linea-music-10.svg]
[www.northerncoastdiving.com/wp-content/plugins/th-widget-pack/assets/icons/linea/linea-software-10.svg]
[www.northerncoastdiving.com/wp-content/plugins/th-widget-pack/assets/icons/linea/linea-weather-10.svg]
[www.northerncoastdiving.com/wp-content/plugins/th-widget-pack/assets/icons/travelpack/travelpack.svg]
[www.northerncoastdiving.com/wp-includes/js/mediaelement/mejs-controls.svg]
[www.northerncoastdiving.com/wp-content/plugins/ultimate-social-media-plus/css/fonts/helvetica_bold_0-webfont.svg]
[www.northerncoastdiving.com/wp-content/plugins/ultimate-social-media-plus/css/fonts/helvetica_0-webfont.svg]
[www.northerncoastdiving.com/wp-content/plugins/ultimate-social-media-plus/css/fonts/helveticaneue-light.svg]
[www.northerncoastdiving.com/wp-content/plugins/ultimate-social-media-plus/images/top_aro.html]
[www.northerncoastdiving.com/wp-content/plugins/elementor/assets/lib/eicons/fonts/eiconsdc2c.svg]
[www.northerncoastdiving.com/wp-content/plugins/elementor/assets/lib/font-awesome/fonts/fontawesome-webfont3e6e.svg]
[www.northerncoastdiving.com/wp-content/plugins/masterslider/public/assets/css/skins/minimal.svg]
[www.northerncoastdiving.com/wp-content/themes/embark/assets/fonts/flexslider-icon.svg]
[www.northerncoastdiving.com/wp-content/themes/embark/assets/fonts/themovation-icons.svg]
[northerncoasta.wpengine.com/wp-content/uploads/2018/07/27655152_1784916541559275_555480614213710627_n.jpg]
[www.northerncoastdiving.com/wp-content/uploads/elementor/css/post-53a690.css]
[www.northerncoastdiving.com/wp-content/uploads/elementor/css/post-5473945.css]
[www.northerncoastdiving.com/tour/three-rocks/feed/index.html]
[www.northerncoastdiving.com/wp-json/oembed/1.0/embed662b.json]
[www.northerncoastdiving.com/tour/three-rocks/index.html]
[www.northerncoastdiving.com/wp-json/oembed/1.0/embed5bd4]
[www.northerncoastdiving.com/wp-content/uploads/elementor/css/post-5601195.css]
[www.northerncoastdiving.com/tour/palmera/feed/index.html]
[www.northerncoastdiving.com/wp-json/oembed/1.0/embed8b74.json]
[www.northerncoastdiving.com/tour/palmera/index.html]
[www.northerncoastdiving.com/wp-json/oembed/1.0/embed9034]
[www.northerncoastdiving.com/wp-content/uploads/elementor/css/post-5691b22.css]
[www.northerncoastdiving.com/wp-json/oembed/1.0/embed08b6.json]
[www.northerncoastdiving.com/tour/canyon/feed/index.html]
[www.northerncoastdiving.com/tour/canyon/index.html]
[www.northerncoastdiving.com/wp-json/oembed/1.0/embedfdc7]
[www.northerncoastdiving.com/wp-content/uploads/elementor/css/post-5807688.css]
[www.northerncoastdiving.com/wp-json/oembed/1.0/embed3dc0.json]
[www.northerncoastdiving.com/tour/west-wall/feed/index.html]
[www.northerncoastdiving.com/tour/west-wall/index.html]
[www.northerncoastdiving.com/wp-json/oembed/1.0/embedc5bb]
[www.northerncoastdiving.com/wp-content/uploads/elementor/css/post-586b09c.css]
[www.northerncoastdiving.com/wp-json/oembed/1.0/embedafcc.json]
[www.northerncoastdiving.com/tour/puntilla-wall/feed/index.html]
[www.northerncoastdiving.com/tour/puntilla-wall/index.html]
[www.northerncoastdiving.com/wp-json/oembed/1.0/embede065]
[www.northerncoastdiving.com/wp-content/uploads/elementor/css/post-592c543.css]
[www.northerncoastdiving.com/tour/mini-wall/feed/index.html]
[www.northerncoastdiving.com/wp-json/oembed/1.0/embed75c8.json]
[www.northerncoastdiving.com/tour/mini-wall/index.html]
[www.northerncoastdiving.com/wp-json/oembed/1.0/embed1cc5]
[www.northerncoastdiving.com/wp-content/uploads/elementor/css/post-598810a.css]
[www.northerncoastdiving.com/tour/paradise-1/feed/index.html]
[www.northerncoastdiving.com/wp-json/oembed/1.0/embedb18e.json]
[www.northerncoastdiving.com/tour/paradise-1/index.html]
[www.northerncoastdiving.com/wp-json/oembed/1.0/embedd322]
[www.northerncoastdiving.com/wp-content/uploads/elementor/css/post-6041dcd.css]
[www.northerncoastdiving.com/wp-json/oembed/1.0/embed1566.json]
[www.northerncoastdiving.com/tour/paradise-2/feed/index.html]
[www.northerncoastdiving.com/tour/paradise-2/index.html]
[www.northerncoastdiving.com/wp-json/oembed/1.0/embed2aeb]
[www.northerncoastdiving.com/wp-content/uploads/elementor/css/post-610ad28.css]
[www.northerncoastdiving.com/wp-json/oembed/1.0/embedf407.json]
[www.northerncoastdiving.com/tour/coral-garden/feed/index.html]
[www.northerncoastdiving.com/tour/coral-garden/index.html]
[www.northerncoastdiving.com/wp-json/oembed/1.0/embed09f3]
[www.northerncoastdiving.com/wp-content/uploads/elementor/css/post-614a0d7.css]
[www.northerncoastdiving.com/wp-json/oembed/1.0/embed0b42.json]
[www.northerncoastdiving.com/tour/coral-garden-wall/feed/index.html]
[www.northerncoastdiving.com/tour/coral-garden-wall/index.html]
[www.northerncoastdiving.com/wp-json/oembed/1.0/embedeece]
[www.northerncoastdiving.com/wp-content/uploads/elementor/css/post-620f899.css]
[www.northerncoastdiving.com/tour/ray-point/feed/index.html]
[www.northerncoastdiving.com/wp-json/oembed/1.0/embed7ad5.json]
[www.northerncoastdiving.com/tour/ray-point/index.html]
[www.northerncoastdiving.com/wp-json/oembed/1.0/embedc6ef]
[www.northerncoastdiving.com/wp-content/uploads/elementor/css/post-626623b.css]
[www.northerncoastdiving.com/tour/sea-horse-reef/feed/index.html]
[www.northerncoastdiving.com/wp-json/oembed/1.0/embed75f1.json]
[www.northerncoastdiving.com/tour/sea-horse-reef/index.html]
[www.northerncoastdiving.com/wp-json/oembed/1.0/embeda82b]
[www.northerncoastdiving.com/wp-content/uploads/elementor/css/post-632e3b6.css]
[www.northerncoastdiving.com/wp-json/oembed/1.0/embed453e.json]
[www.northerncoastdiving.com/tour/zingara-wreck/feed/index.html]
[www.northerncoastdiving.com/tour/zingara-wreck/index.html]
[www.northerncoastdiving.com/wp-json/oembed/1.0/embed6c27-2]
[www.northerncoastdiving.com/wp-content/uploads/elementor/css/post-7291585.css]
[www.northerncoastdiving.com/wp-json/oembed/1.0/embedf8f6.json]
[www.northerncoastdiving.com/tour/pyramids/feed/index.html]
[www.northerncoastdiving.com/tour/pyramids/index.html]
[www.northerncoastdiving.com/wp-json/oembed/1.0/embedf28a]
[www.northerncoastdiving.com/wp-content/uploads/elementor/css/post-262efd0.css]
[www.northerncoastdiving.com/tour/airport-wall/feed/index.html]
[www.northerncoastdiving.com/wp-json/oembed/1.0/embed9e49.json]
[www.northerncoastdiving.com/tour/airport-wall/index.html]
[www.northerncoastdiving.com/wp-json/oembed/1.0/embedca79]
[www.northerncoastdiving.com/wp-content/uploads/elementor/css/post-2108aa5.css]
[www.northerncoastdiving.com/tour/five-rocks/feed/index.html]
[www.northerncoastdiving.com/wp-json/oembed/1.0/embeda59b.json]
[www.northerncoastdiving.com/tour/five-rocks/index.html]
[www.northerncoastdiving.com/wp-json/oembed/1.0/embed2037]
[northerncoasta.wpengine.com/wp-content/uploads/2018/07/11811420_988927427824861_7622971823510817252_n.jpg]
[www.northerncoastdiving.com/wp-content/uploads/elementor/css/post-6399d47.css]
[northerncoasta.wpengine.com/wp-content/uploads/2017/05/26198486_1747972981920298_8186646602523593569_o.jpg]
[www.northerncoastdiving.com/wp-content/uploads/elementor/css/post-69000b8.css]
[northerncoasta.wpengine.com/wp-content/uploads/2017/07/montecristi-un-lugar-perfecto-para-invertir.jpg]
[www.northerncoastdiving.com/wp-content/uploads/elementor/css/post-691e2d4.css]
[northerncoasta.wpengine.com/wp-content/uploads/2018/07/PB150308.jpg]
[www.northerncoastdiving.com/wp-content/uploads/elementor/css/post-6736bc3.css]
[northerncoasta.wpengine.com/wp-content/uploads/2018/07/DSCN0532-Copy.jpg]
[www.northerncoastdiving.com/wp-content/uploads/elementor/css/post-2138ba5.css]
[www.northerncoastdiving.com/wp-content/uploads/elementor/css/post-2792740.css]
[www.northerncoastdiving.com/wp-content/uploads/elementor/css/post-865e0d0.css]
[www.northerncoastdiving.com/wp-content/uploads/elementor/css/post-2821978.css]
[www.northerncoastdiving.com/wp-content/uploads/elementor/css/post-284e8c4.css]
[www.northerncoastdiving.com/wp-content/uploads/elementor/css/post-292ddde.css]
[northerncoasta.wpengine.com/wp-content/uploads/2018/07/GOPR1113.jpg]
[www.northerncoastdiving.com/wp-content/uploads/elementor/css/post-2239d32.css]
[www.northerncoastdiving.com/wp-content/uploads/elementor/css/post-395ea8a.css]
[www.northerncoastdiving.com/wp-content/uploads/elementor/css/post-56348b.css]
[www.northerncoastdiving.com/wp-content/uploads/elementor/css/post-68311a1.css]
[www.northerncoastdiving.com/wp-content/uploads/elementor/css/post-450b61.css]
[www.northerncoastdiving.com/wp-content/uploads/elementor/css/post-297be88.css]
[www.northerncoastdiving.com/wp-content/uploads/elementor/css/post-551dc0.css]
[www.northerncoastdiving.com/wp-content/uploads/elementor/css/post-33089fd.css]
[www.northerncoastdiving.com/wp-content/plugins/jetpack/_inc/social-logos/social-logosc8bb.eot]
[www.northerncoastdiving.com/wp-content/plugins/jetpack/_inc/social-logos/social-logosc8bb.ttf]
[www.northerncoastdiving.com/wp-content/plugins/jetpack/_inc/social-logos/social-logos.min04fc.css]
[www.northerncoastdiving.com/author/agoris/index.html]
[www.northerncoastdiving.com/hello-world/index9a7b.html]
[www.northerncoastdiving.com/hello-world/index5a58.html]
[www.northerncoastdiving.com/wp-json/wp/v2/posts/23.json]
[www.northerncoastdiving.com/top-camping-destinations-reviewed/feed/index.html]
[www.northerncoastdiving.com/wp-json/oembed/1.0/embed2ee4.json]
[www.northerncoastdiving.com/wp-json/oembed/1.0/embed3ac5]
[www.northerncoastdiving.com/wp-content/uploads/2017/08/06.jpg]
[www.northerncoastdiving.com/top-camping-destinations-reviewed/index.html]
[www.northerncoastdiving.com/wp-json/wp/v2/posts/24.json]
[www.northerncoastdiving.com/multi-day-vs-single-day-rafting-trips/feed/index.html]
[www.northerncoastdiving.com/wp-json/oembed/1.0/embed1bd0.json]
[www.northerncoastdiving.com/wp-json/oembed/1.0/embed9540]
[www.northerncoastdiving.com/wp-content/uploads/2017/08/05.jpg]
[www.northerncoastdiving.com/multi-day-vs-single-day-rafting-trips/index.html]
[www.northerncoastdiving.com/wp-json/wp/v2/posts/25.json]
[www.northerncoastdiving.com/the-rafting-experience/feed/index.html]
[www.northerncoastdiving.com/wp-json/oembed/1.0/embedb1ea.json]
[www.northerncoastdiving.com/the-rafting-experience/index.html]
[www.northerncoastdiving.com/wp-json/oembed/1.0/embed4024]
[www.northerncoastdiving.com/wp-json/wp/v2/tags/12.json]
[www.northerncoastdiving.com/wp-content/uploads/2017/08/02.jpg]
[www.northerncoastdiving.com/tag/adventure/index.html]
[www.northerncoastdiving.com/tag/adventure/feed/index.html]
[www.northerncoastdiving.com/amazing-bucket-list-adventure-ideas/index.html]
[www.northerncoastdiving.com/tag/camping/feed/index.html]
[www.northerncoastdiving.com/tag/camping/index.html]
[www.northerncoastdiving.com/wp-json/wp/v2/tags/7.json]
[www.northerncoastdiving.com/wp-json/wp/v2/tags/17.json]
[www.northerncoastdiving.com/tag/family/feed/index.html]
[www.northerncoastdiving.com/wp-content/uploads/2017/08/01.jpg]
[www.northerncoastdiving.com/tag/family/index.html]
[www.northerncoastdiving.com/why-rafting-makes-a-great-school-trip/index.html]
[www.northerncoastdiving.com/tag/faq/feed/index.html]
[www.northerncoastdiving.com/wp-json/wp/v2/tags/11.json]
[www.northerncoastdiving.com/wp-content/uploads/2017/08/04.jpg]
[www.northerncoastdiving.com/tag/faq/index.html]
[www.northerncoastdiving.com/our-guide-answers-your-top-questions/index.html]
[www.northerncoastdiving.com/wp-json/wp/v2/tags/5.json]
[www.northerncoastdiving.com/wp-content/uploads/2017/08/03.jpg]
[www.northerncoastdiving.com/tag/information/index.html]
[www.northerncoastdiving.com/tag/information/feed/index.html]
[www.northerncoastdiving.com/planning-your-canoeing-adventure/index.html]
[www.northerncoastdiving.com/tag/inspiration/feed/index.html]
[www.northerncoastdiving.com/tag/inspiration/index.html]
[www.northerncoastdiving.com/wp-json/wp/v2/tags/13.json]
[www.northerncoastdiving.com/tag/planning/index.html]
[www.northerncoastdiving.com/wp-json/wp/v2/tags/15.json]
[www.northerncoastdiving.com/tag/planning/feed/index.html]
[www.northerncoastdiving.com/tag/safety/index.html]
[www.northerncoastdiving.com/wp-json/wp/v2/tags/8.json]
[www.northerncoastdiving.com/tag/safety/feed/index.html]
[www.northerncoastdiving.com/tag/tips/index.html]
[www.northerncoastdiving.com/wp-json/wp/v2/tags/6.json]
[www.northerncoastdiving.com/tag/tips/feed/index.html]
[www.northerncoastdiving.com/tag/video/index.html]
[www.northerncoastdiving.com/our-essential-rafting-tips/index9a7b.html]
[www.northerncoastdiving.com/our-essential-rafting-tips/index5a58.html]
[www.northerncoastdiving.com/tour/three-rocks/feed/index.html]
[www.northerncoastdiving.com/wp-json/wp/v2/tags/9.json]
[www.northerncoastdiving.com/tag/video/feed/index.html]
[northerncoasta.wpengine.com/wp-content/uploads/2017/05/IMG_1658.jpg]
[www.northerncoastdiving.com/wp-content/uploads/elementor/css/post-5473945.css]
[www.northerncoastdiving.com/tour/palmera/feed/index.html]
[northerncoasta.wpengine.com/wp-content/uploads/2018/07/IMG_0818.jpg]
[www.northerncoastdiving.com/wp-content/uploads/elementor/css/post-5601195.css]
[www.northerncoastdiving.com/tour/canyon/feed/index.html]
[northerncoasta.wpengine.com/wp-content/uploads/2018/07/27500279_1776624495721813_4161573660679956863_o.jpg]
[www.northerncoastdiving.com/wp-content/uploads/elementor/css/post-5691b22.css]
[www.northerncoastdiving.com/tour/west-wall/feed/index.html]
[northerncoasta.wpengine.com/wp-content/uploads/2018/07/P4182755.jpg]
[www.northerncoastdiving.com/wp-content/uploads/elementor/css/post-5807688.css]
[www.northerncoastdiving.com/tour/puntilla-wall/feed/index.html]
[northerncoasta.wpengine.com/wp-content/uploads/2018/07/IMG_9891.jpg]
[www.northerncoastdiving.com/wp-content/uploads/elementor/css/post-586b09c.css]
[www.northerncoastdiving.com/tour/mini-wall/feed/index.html]
[northerncoasta.wpengine.com/wp-content/uploads/2018/07/Lionfish-Fam.jpg]
[www.northerncoastdiving.com/wp-content/uploads/elementor/css/post-592c543.css]
[www.northerncoastdiving.com/tour/paradise-1/feed/index.html]
[northerncoasta.wpengine.com/wp-content/uploads/2018/07/tube-and-barrel-sponge.jpg]
[www.northerncoastdiving.com/wp-content/uploads/elementor/css/post-598810a.css]
[www.northerncoastdiving.com/tour/paradise-2/feed/index.html]
[northerncoasta.wpengine.com/wp-content/uploads/2018/07/arrowcrab.jpg]
[www.northerncoastdiving.com/wp-content/uploads/elementor/css/post-6041dcd.css]
[www.northerncoastdiving.com/tour/coral-garden/feed/index.html]
[northerncoasta.wpengine.com/wp-content/uploads/2018/07/various-corals.jpg]
[www.northerncoastdiving.com/wp-content/uploads/elementor/css/post-610ad28.css]
[www.northerncoastdiving.com/tour/coral-garden-wall/feed/index.html]
[northerncoasta.wpengine.com/wp-content/uploads/2018/07/cushion-sea-star.jpg]
[www.northerncoastdiving.com/wp-content/uploads/elementor/css/post-614a0d7.css]
[www.northerncoastdiving.com/tour/ray-point/feed/index.html]
[northerncoasta.wpengine.com/wp-content/uploads/2018/07/13680347_1200545096663092_8660661905313384886_o.jpg]
[www.northerncoastdiving.com/wp-content/uploads/elementor/css/post-620f899.css]
[www.northerncoastdiving.com/tour/sea-horse-reef/feed/index.html]
[northerncoasta.wpengine.com/wp-content/uploads/2018/07/just-coral.jpg]
[www.northerncoastdiving.com/wp-content/uploads/elementor/css/post-626623b.css]
[www.northerncoastdiving.com/tour/zingara-wreck/feed/index.html]
[northerncoasta.wpengine.com/wp-content/uploads/2018/07/20615821_10213502490095030_9057876413235458000_o.jpg]
[www.northerncoastdiving.com/wp-content/uploads/elementor/css/post-632e3b6.css]
[www.northerncoastdiving.com/tour/pyramids/feed/index.html]
[northerncoasta.wpengine.com/wp-content/uploads/2018/07/secretary-blenny.jpg]
[www.northerncoastdiving.com/wp-content/uploads/elementor/css/post-7291585.css]
[www.northerncoastdiving.com/tour/airport-wall/feed/index.html]
[northerncoasta.wpengine.com/wp-content/uploads/2018/02/social-feather-duster.jpg]
[www.northerncoastdiving.com/wp-content/uploads/elementor/css/post-262efd0.css]
[www.northerncoastdiving.com/tour/five-rocks/feed/index.html]
[northerncoasta.wpengine.com/wp-content/uploads/2018/02/red-tipped-sea-goddess-2.jpg]
[www.northerncoastdiving.com/wp-content/uploads/elementor/css/post-2108aa5.css]
[www.northerncoastdiving.com/top-camping-destinations-reviewed/index9a7b.html]
[www.northerncoastdiving.com/top-camping-destinations-reviewed/index5a58.html]
[www.northerncoastdiving.com/multi-day-vs-single-day-rafting-trips/index9a7b.html]
[www.northerncoastdiving.com/multi-day-vs-single-day-rafting-trips/index5a58.html]
[www.northerncoastdiving.com/the-rafting-experience/index9a7b.html]
[www.northerncoastdiving.com/the-rafting-experience/index5a58.html]
[www.northerncoastdiving.com/amazing-bucket-list-adventure-ideas/feed/index.html]
[www.northerncoastdiving.com/wp-json/wp/v2/posts/27.json]
[www.northerncoastdiving.com/wp-json/oembed/1.0/embed1aca.json]
[www.northerncoastdiving.com/amazing-bucket-list-adventure-ideas/index.html]
[www.northerncoastdiving.com/wp-json/oembed/1.0/embedb29d]
[www.northerncoastdiving.com/why-rafting-makes-a-great-school-trip/feed/index.html]
[www.northerncoastdiving.com/wp-json/wp/v2/posts/31.json]
[www.northerncoastdiving.com/wp-json/oembed/1.0/embed1148.json]
[www.northerncoastdiving.com/why-rafting-makes-a-great-school-trip/index.html]
[www.northerncoastdiving.com/wp-json/oembed/1.0/embedee6d]
[www.northerncoastdiving.com/our-guide-answers-your-top-questions/feed/index.html]
[www.northerncoastdiving.com/wp-json/wp/v2/posts/26.json]
[www.northerncoastdiving.com/wp-json/oembed/1.0/embed7480.json]
[www.northerncoastdiving.com/our-guide-answers-your-top-questions/index.html]
[www.northerncoastdiving.com/wp-json/oembed/1.0/embedd608]
[www.northerncoastdiving.com/wp-json/wp/v2/posts/29.json]
[www.northerncoastdiving.com/planning-your-canoeing-adventure/feed/index.html]
[www.northerncoastdiving.com/wp-json/oembed/1.0/embed07d9.json]
[www.northerncoastdiving.com/planning-your-canoeing-adventure/index.html]
[www.northerncoastdiving.com/amazing-bucket-list-adventure-ideas/index9a7b.html]
[www.northerncoastdiving.com/amazing-bucket-list-adventure-ideas/index5a58.html]
[www.northerncoastdiving.com/why-rafting-makes-a-great-school-trip/index9a7b.html]
[www.northerncoastdiving.com/why-rafting-makes-a-great-school-trip/index5a58.html]
[www.northerncoastdiving.com/our-guide-answers-your-top-questions/index9a7b.html]
[www.northerncoastdiving.com/our-guide-answers-your-top-questions/index5a58.html]
[www.northerncoastdiving.com/wp-json/oembed/1.0/embed6702]
[www.northerncoastdiving.com/planning-your-canoeing-adventure/index9a7b.html]
[www.northerncoastdiving.com/planning-your-canoeing-adventure/index5a58.html]
